error TS6305: Output file 'D:/Users/paulo/Documents/GitHub/WingetInterfaceAndMore/winget/vite.config.d.ts' has not been built from source file 'D:/Users/paulo/Documents/GitHub/WingetInterfaceAndMore/winget/vite.config.ts'.
  The file is in the program because:
    Matched by include pattern '.' in 'D:/Users/paulo/Documents/GitHub/WingetInterfaceAndMore/winget/tsconfig.json'
